Benchmark configuration:
  N           = 1000
  repetitions = 10
  dt          = 0.010000
  seed        = 42
  schedule    = static
  chunk       = 16
  output      = /home/ceph/gcabrera/distri-lab-2/Lab1-Distri/nbody_2d/lab2_plots/benchmark

[CUDA Benchmark] Starting benchmarking suite...
[CUDA Benchmark] N Scaling analysis...
  -> N=256 (Done)
  -> N=512 (Done)
  -> N=1024 (Done)
  -> N=2000 (Done)
[CUDA Benchmark] blockDim.x study (N=2000)...
  -> blockDim=64 (Done)
  -> blockDim=128 (Done)
  -> blockDim=256 (Done)
  -> blockDim=512 (Done)
  -> blockDim=1024 (Done)
[CUDA Benchmark] All .dat files generated in /home/ceph/gcabrera/distri-lab-2/Lab1-Distri/nbody_2d/lab2_plots
